// Vitest Snapshot v1, https://vitest.dev/guide/snapshot.html

exports[`UserPage > should match the visual structure snapshot 1`] = `
<div>
  <div
    data-testid="default-layout"
  >
    <section
      class="flex flex-col items-center justify-center gap-4 py-8 md:py-0 "
      data-testid="user-page-section"
    >
      <div
        class="min-w-[900px]"
        data-testid="user-page-container"
      >
        <h1
          class="text-3xl font-bold"
          data-testid="page-title"
        >
          My Tasks
        </h1>
        <p
          class="text-lg text-gray-400"
          data-testid="page-subtitle"
        >
          Manage and track your assigned tasks
        </p>
        <div
          class="flex flex-grow flex-row w-full items-start py-3 px-4 gap-x-1 border-small rounded-medium bg-transparent border-primary text-primary mt-10"
          data-has-description="true"
          data-testid="user-alert"
          data-visible="true"
          role="alert"
        >
          <div
            class="flex-none relative w-9 h-9 rounded-full grid place-items-center shadow-small bg-primary-100 dark:bg-primary-50"
          >
            <svg
              class="fill-current w-6 absolute top-1/2 left-1/2 -translate-x-1/2 -translate-y-1/2"
              fill="none"
              height="24"
              viewBox="0 0 24 24"
              width="24"
              xmlns="http://www.w3.org/2000/svg"
            >
              <path
                d="M12 22C17.51 22 22 17.51 22 12C22 6.49 17.51 2 12 2C6.49 2 2 6.49 2 12C2 17.51 6.49 22 12 22ZM12.75 16C12.75 16.41 12.41 16.75 12 16.75C11.59 16.75 11.25 16.41 11.25 16L11.25 11C11.25 10.59 11.59 10.25 12 10.25C12.41 10.25 12.75 10.59 12.75 11L12.75 16ZM11.08 7.62C11.13 7.49 11.2 7.39 11.29 7.29C11.39 7.2 11.5 7.13 11.62 7.08C11.74 7.03 11.87 7 12 7C12.13 7 12.26 7.03 12.38 7.08C12.5 7.13 12.61 7.2 12.71 7.29C12.8 7.39 12.87 7.49 12.92 7.62C12.97 7.74 13 7.87 13 8C13 8.13 12.97 8.26 12.92 8.38C12.87 8.5 12.8 8.61 12.71 8.71C12.61 8.8 12.5 8.87 12.38 8.92C12.14 9.02 11.86 9.02 11.62 8.92C11.5 8.87 11.39 8.8 11.29 8.71C11.2 8.61 11.13 8.5 11.08 8.38C11.03 8.26 11 8.13 11 8C11 7.87 11.03 7.74 11.08 7.62Z"
              />
            </svg>
          </div>
          <div
            class="h-full flex-grow min-h-10 ms-2 flex flex-col box-border items-start text-inherit justify-center"
          >
            <div
              class="pl-[1px] text-small font-normal text-inherit"
            >
              You can sort your tasks by status, due date or priority. Mark tasks as completed when you finish them.
            </div>
          </div>
        </div>
        <div
          data-testid="user-task-table"
        >
          UserTaskTable Mock
        </div>
      </div>
    </section>
  </div>
</div>
`;
